// Jest Snapshot v1, https://goo.gl/fbAQLP

exports[`<Signup /> renders and matches snapshot 1`] = `
<form
  className="Form-sc-13i1az4-0 jlNiPG"
  method="post"
  onSubmit={[Function]}
>
  <fieldset
    aria-busy={false}
    disabled={false}
  >
    <h2>
      Signup for an account
    </h2>
    <DisplayError
      error={Object {}}
    />
    <label
      htmlFor="email"
    >
      Email
      <input
        name="email"
        onChange={[Function]}
        placeholder="Your Email address"
        type="email"
        value=""
      />
    </label>
    <label
      htmlFor="name"
    >
      Name
      <input
        name="name"
        onChange={[Function]}
        placeholder="Your name"
        type="text"
        value=""
      />
    </label>
    <label
      htmlFor="password"
    >
      Password
      <input
        name="password"
        onChange={[Function]}
        placeholder="Your password"
        type="password"
        value=""
      />
    </label>
    <button
      type="submit"
    >
      Signup
    </button>
  </fieldset>
</form>
`;
